// Jest Snapshot v1, https://goo.gl/fbAQLP

exports[`Login matchs snapshot 1`] = `
Object {
  "asFragment": [Function],
  "baseElement": <body>
    <div>
      <div
        class="login-page container"
      >
        <h1>
          Employee Polls
        </h1>
        <img
          alt="Login page cover"
          class="login-page__cover"
          src="https://www.applauz.me/hubfs/image%20%2822%29.png"
        />
        <h2>
          Log In
        </h2>
        <form
          class="form"
        >
          <label
            class="form__label"
          >
            User
            <input
              class="form__input"
              data-testid="username"
              name="username"
              placeholder="User"
              type="text"
              value=""
            />
          </label>
          <label
            class="form__label"
          >
            Password
            <input
              class="form__input"
              data-testid="password"
              name="password"
              placeholder="Password"
              type="password"
              value=""
            />
          </label>
          <button
            class="form__button"
            data-testid="submit"
            disabled=""
            type="submit"
          >
            Login
          </button>
        </form>
      </div>
    </div>
  </body>,
  "container": <div>
    <div
      class="login-page container"
    >
      <h1>
        Employee Polls
      </h1>
      <img
        alt="Login page cover"
        class="login-page__cover"
        src="https://www.applauz.me/hubfs/image%20%2822%29.png"
      />
      <h2>
        Log In
      </h2>
      <form
        class="form"
      >
        <label
          class="form__label"
        >
          User
          <input
            class="form__input"
            data-testid="username"
            name="username"
            placeholder="User"
            type="text"
            value=""
          />
        </label>
        <label
          class="form__label"
        >
          Password
          <input
            class="form__input"
            data-testid="password"
            name="password"
            placeholder="Password"
            type="password"
            value=""
          />
        </label>
        <button
          class="form__button"
          data-testid="submit"
          disabled=""
          type="submit"
        >
          Login
        </button>
      </form>
    </div>
  </div>,
  "debug": [Function],
  "findAllByAltText": [Function],
  "findAllByDisplayValue": [Function],
  "findAllByLabelText": [Function],
  "findAllByPlaceholderText": [Function],
  "findAllByRole": [Function],
  "findAllByTestId": [Function],
  "findAllByText": [Function],
  "findAllByTitle": [Function],
  "findByAltText": [Function],
  "findByDisplayValue": [Function],
  "findByLabelText": [Function],
  "findByPlaceholderText": [Function],
  "findByRole": [Function],
  "findByTestId": [Function],
  "findByText": [Function],
  "findByTitle": [Function],
  "getAllByAltText": [Function],
  "getAllByDisplayValue": [Function],
  "getAllByLabelText": [Function],
  "getAllByPlaceholderText": [Function],
  "getAllByRole": [Function],
  "getAllByTestId": [Function],
  "getAllByText": [Function],
  "getAllByTitle": [Function],
  "getByAltText": [Function],
  "getByDisplayValue": [Function],
  "getByLabelText": [Function],
  "getByPlaceholderText": [Function],
  "getByRole": [Function],
  "getByTestId": [Function],
  "getByText": [Function],
  "getByTitle": [Function],
  "queryAllByAltText": [Function],
  "queryAllByDisplayValue": [Function],
  "queryAllByLabelText": [Function],
  "queryAllByPlaceholderText": [Function],
  "queryAllByRole": [Function],
  "queryAllByTestId": [Function],
  "queryAllByText": [Function],
  "queryAllByTitle": [Function],
  "queryByAltText": [Function],
  "queryByDisplayValue": [Function],
  "queryByLabelText": [Function],
  "queryByPlaceholderText": [Function],
  "queryByRole": [Function],
  "queryByTestId": [Function],
  "queryByText": [Function],
  "queryByTitle": [Function],
  "rerender": [Function],
  "unmount": [Function],
}
`;
